<testsuites name="jest tests" tests="1" failures="0" time="0.878">
  <testsuite name="undefined" errors="0" failures="0" skipped="0" timestamp="2018-04-13T06:40:59" time="0.878" tests="1">
    <testcase classname=" dummy" name=" dummy" time="0.034">
    </testcase>
  </testsuite>
</testsuites>